// Jest Snapshot v1, https://goo.gl/fbAQLP

exports[`SearchForm should be able to render SearchForm to page 1`] = `
<section
  className="search-form-container"
>
  <input
    className="search-input"
    onChange={[Function]}
    placeholder="search for articles here..."
  />
  <button
    className="search-button"
    onClick={[Function]}
  >
    search
  </button>
</section>
`;
